Archive member included because of file (symbol)

c:/winavr-20100110/bin/../lib/gcc/avr/4.3.3/avr51\libgcc.a(_udivmodhi4.o)
                              obj\Debug\uart.o (__udivmodhi4)
c:/winavr-20100110/bin/../lib/gcc/avr/4.3.3/avr51\libgcc.a(_divmodhi4.o)
                              obj\Debug\heap.o (__divmodhi4)
c:/winavr-20100110/bin/../lib/gcc/avr/4.3.3/avr51\libgcc.a(_udivmodsi4.o)
                              obj\Debug\uart.o (__udivmodsi4)
c:/winavr-20100110/bin/../lib/gcc/avr/4.3.3/avr51\libgcc.a(_exit.o)
                              c:/winavr-20100110/bin/../lib/gcc/avr/4.3.3/../../../../avr/lib/avr51/crtm128.o (exit)
c:/winavr-20100110/bin/../lib/gcc/avr/4.3.3/avr51\libgcc.a(_clear_bss.o)
                              obj\Debug\heap.o (__do_clear_bss)

Allocating common symbols
Common symbol       size              file

STACK2              0x64              obj\Debug\main.o
RdyListNum          0x5               obj\Debug\list.o
IdleTaskHandle      0x2               obj\Debug\task.o
RdyListIndex        0xa               obj\Debug\list.o
STACK1              0x64              obj\Debug\main.o
STACK3              0x64              obj\Debug\main.o
RunningTask         0x2               obj\Debug\task.o
pBlkList            0x2               obj\Debug\list.o
SwitchRun           0x2               obj\Debug\task.o

Memory Configuration

Name             Origin             Length             Attributes
text             0x00000000         0x00020000         xr
data             0x00800060         0x0000ffa0         rw !x
eeprom           0x00810000         0x00010000         rw !x
fuse             0x00820000         0x00000400         rw !x
lock             0x00830000         0x00000400         rw !x
signature        0x00840000         0x00000400         rw !x
*default*        0x00000000         0xffffffff

Linker script and memory map

Address of section .data set to 0x800100
LOAD c:/winavr-20100110/bin/../lib/gcc/avr/4.3.3/../../../../avr/lib/avr51/crtm128.o
LOAD obj\Debug\core.o
LOAD obj\Debug\fuse.o
LOAD obj\Debug\heap.o
LOAD obj\Debug\list.o
LOAD obj\Debug\main.o
LOAD obj\Debug\semap.o
LOAD obj\Debug\task.o
LOAD obj\Debug\uart.o
LOAD c:/winavr-20100110/bin/../lib/gcc/avr/4.3.3/avr51\libgcc.a
LOAD c:/winavr-20100110/bin/../lib/gcc/avr/4.3.3/../../../../avr/lib/avr51\libc.a
LOAD c:/winavr-20100110/bin/../lib/gcc/avr/4.3.3/avr51\libgcc.a

.hash
 *(.hash)

.dynsym
 *(.dynsym)

.dynstr
 *(.dynstr)

.gnu.version
 *(.gnu.version)

.gnu.version_d
 *(.gnu.version_d)

.gnu.version_r
 *(.gnu.version_r)

.rel.init
 *(.rel.init)

.rela.init
 *(.rela.init)

.rel.text
 *(.rel.text)
 *(.rel.text.*)
 *(.rel.gnu.linkonce.t*)

.rela.text
 *(.rela.text)
 *(.rela.text.*)
 *(.rela.gnu.linkonce.t*)

.rel.fini
 *(.rel.fini)

.rela.fini
 *(.rela.fini)

.rel.rodata
 *(.rel.rodata)
 *(.rel.rodata.*)
 *(.rel.gnu.linkonce.r*)

.rela.rodata
 *(.rela.rodata)
 *(.rela.rodata.*)
 *(.rela.gnu.linkonce.r*)

.rel.data
 *(.rel.data)
 *(.rel.data.*)
 *(.rel.gnu.linkonce.d*)

.rela.data
 *(.rela.data)
 *(.rela.data.*)
 *(.rela.gnu.linkonce.d*)

.rel.ctors
 *(.rel.ctors)

.rela.ctors
 *(.rela.ctors)

.rel.dtors
 *(.rel.dtors)

.rela.dtors
 *(.rela.dtors)

.rel.got
 *(.rel.got)

.rela.got
 *(.rela.got)

.rel.bss
 *(.rel.bss)

.rela.bss
 *(.rela.bss)

.rel.plt
 *(.rel.plt)

.rela.plt
 *(.rela.plt)

.text           0x00000000     0x16a2
 *(.vectors)
 .vectors       0x00000000       0x8c c:/winavr-20100110/bin/../lib/gcc/avr/4.3.3/../../../../avr/lib/avr51/crtm128.o
                0x00000000                __vectors
                0x00000000                __vector_default
 *(.vectors)
 *(.progmem.gcc*)
 *(.progmem*)
                0x0000008c                . = ALIGN (0x2)
                0x0000008c                __trampolines_start = .
 *(.trampolines)
 .trampolines   0x0000008c        0x0 linker stubs
 *(.trampolines*)
                0x0000008c                __trampolines_end = .
 *(.jumptables)
 *(.jumptables*)
 *(.lowtext)
 *(.lowtext*)
                0x0000008c                __ctors_start = .
 *(.ctors)
                0x0000008c                __ctors_end = .
                0x0000008c                __dtors_start = .
 *(.dtors)
                0x0000008c                __dtors_end = .
 SORT(*)(.ctors)
 SORT(*)(.dtors)
 *(.init0)
 .init0         0x0000008c        0x0 c:/winavr-20100110/bin/../lib/gcc/avr/4.3.3/../../../../avr/lib/avr51/crtm128.o
                0x0000008c                __init
 *(.init0)
 *(.init1)
 *(.init1)
 *(.init2)
 .init2         0x0000008c        0xc c:/winavr-20100110/bin/../lib/gcc/avr/4.3.3/../../../../avr/lib/avr51/crtm128.o
 *(.init2)
 *(.init3)
 *(.init3)
 *(.init4)
 .init4         0x00000098       0x1a c:/winavr-20100110/bin/../lib/gcc/avr/4.3.3/../../../../avr/lib/avr51/crtm128.o
                0x00000098                __do_copy_data
 .init4         0x000000b2       0x10 c:/winavr-20100110/bin/../lib/gcc/avr/4.3.3/avr51\libgcc.a(_clear_bss.o)
                0x000000b2                __do_clear_bss
 *(.init4)
 *(.init5)
 *(.init5)
 *(.init6)
 *(.init6)
 *(.init7)
 *(.init7)
 *(.init8)
 *(.init8)
 *(.init9)
 .init9         0x000000c2        0x8 c:/winavr-20100110/bin/../lib/gcc/avr/4.3.3/../../../../avr/lib/avr51/crtm128.o
 *(.init9)
 *(.text)
 .text          0x000000ca        0x4 c:/winavr-20100110/bin/../lib/gcc/avr/4.3.3/../../../../avr/lib/avr51/crtm128.o
                0x000000ca                __vector_22
                0x000000ca                __vector_28
                0x000000ca                __vector_1
                0x000000ca                __vector_32
                0x000000ca                __vector_34
                0x000000ca                __vector_24
                0x000000ca                __vector_12
                0x000000ca                __bad_interrupt
                0x000000ca                __vector_6
                0x000000ca                __vector_31
                0x000000ca                __vector_3
                0x000000ca                __vector_23
                0x000000ca                __vector_30
                0x000000ca                __vector_25
                0x000000ca                __vector_11
                0x000000ca                __vector_13
                0x000000ca                __vector_17
                0x000000ca                __vector_19
                0x000000ca                __vector_7
                0x000000ca                __vector_27
                0x000000ca                __vector_5
                0x000000ca                __vector_33
                0x000000ca                __vector_4
                0x000000ca                __vector_9
                0x000000ca                __vector_2
                0x000000ca                __vector_21
                0x000000ca                __vector_15
                0x000000ca                __vector_29
                0x000000ca                __vector_8
                0x000000ca                __vector_26
                0x000000ca                __vector_10
                0x000000ca                __vector_16
                0x000000ca                __vector_18
                0x000000ca                __vector_20
 .text          0x000000ce      0x256 obj\Debug\core.o
                0x000002d4                OpenRTOSInit
                0x000002fa                pStartSchedule
                0x00000120                EnableIntrp
                0x0000013c                TaskContexSwitch
                0x0000024e                __vector_14
                0x00000104                DisableIntrp
 .text          0x00000324        0x0 obj\Debug\fuse.o
 .text          0x00000324      0x3da obj\Debug\heap.o
                0x00000646                MemGetUsed
                0x00000324                MemAlloc
                0x00000566                MemFree
 .text          0x000006fe      0x51e obj\Debug\list.o
                0x000008a0                InsertRdyList
                0x000009a0                GetBlankTCB
                0x00000ae4                BlankRegisterAll
                0x00000b64                RdyListIndexInit
                0x00000a82                InsertSuspList
                0x00000be8                BlkLisInit
                0x00000a20                InsertBlankList
                0x00000bae                RdyListNumInit
                0x0000093e                InsertBlkList
                0x00000c02                SuspListInit
                0x000006fe                ListRemoveNode
 .text          0x00000c1c      0x10e obj\Debug\main.o
                0x00000c1c                task1
                0x00000c3c                task2
                0x00000c7c                main
                0x00000c5c                task3
 .text          0x00000d2a        0x0 obj\Debug\semap.o
 .text          0x00000d2a      0x724 obj\Debug\task.o
                0x000013ba                pDelayTask
                0x00001144                pDeleteTask
                0x000012be                RefreshBlkList
                0x00000e10                GetFirstHighTask
                0x00001018                pCreateTaskDyn
                0x00000f0e                pCreateTaskStc
                0x00000d2a                IdleTaskInit
                0x00001200                pSuspendTask
 .text          0x0000144e      0x1be obj\Debug\uart.o
                0x0000144e                uart1_init
                0x000014d2                puts1
                0x000014b4                getchar1
                0x00001516                puts1_PrintNumber
                0x00001486                putchar1
 .text          0x0000160c        0x0 c:/winavr-20100110/bin/../lib/gcc/avr/4.3.3/avr51\libgcc.a(_udivmodhi4.o)
 .text          0x0000160c        0x0 c:/winavr-20100110/bin/../lib/gcc/avr/4.3.3/avr51\libgcc.a(_divmodhi4.o)
 .text          0x0000160c        0x0 c:/winavr-20100110/bin/../lib/gcc/avr/4.3.3/avr51\libgcc.a(_udivmodsi4.o)
 .text          0x0000160c        0x0 c:/winavr-20100110/bin/../lib/gcc/avr/4.3.3/avr51\libgcc.a(_exit.o)
 .text          0x0000160c        0x0 c:/winavr-20100110/bin/../lib/gcc/avr/4.3.3/avr51\libgcc.a(_clear_bss.o)
                0x0000160c                . = ALIGN (0x2)
 *(.text.*)
 .text.libgcc   0x0000160c       0x28 c:/winavr-20100110/bin/../lib/gcc/avr/4.3.3/avr51\libgcc.a(_udivmodhi4.o)
                0x0000160c                __udivmodhi4
 .text.libgcc   0x00001634       0x26 c:/winavr-20100110/bin/../lib/gcc/avr/4.3.3/avr51\libgcc.a(_divmodhi4.o)
                0x00001634                __divmodhi4
                0x00001634                _div
 .text.libgcc   0x0000165a       0x44 c:/winavr-20100110/bin/../lib/gcc/avr/4.3.3/avr51\libgcc.a(_udivmodsi4.o)
                0x0000165a                __udivmodsi4
 .text.libgcc   0x0000169e        0x0 c:/winavr-20100110/bin/../lib/gcc/avr/4.3.3/avr51\libgcc.a(_exit.o)
 .text.libgcc   0x0000169e        0x0 c:/winavr-20100110/bin/../lib/gcc/avr/4.3.3/avr51\libgcc.a(_clear_bss.o)
                0x0000169e                . = ALIGN (0x2)
 *(.fini9)
 .fini9         0x0000169e        0x0 c:/winavr-20100110/bin/../lib/gcc/avr/4.3.3/avr51\libgcc.a(_exit.o)
                0x0000169e                exit
                0x0000169e                _exit
 *(.fini9)
 *(.fini8)
 *(.fini8)
 *(.fini7)
 *(.fini7)
 *(.fini6)
 *(.fini6)
 *(.fini5)
 *(.fini5)
 *(.fini4)
 *(.fini4)
 *(.fini3)
 *(.fini3)
 *(.fini2)
 *(.fini2)
 *(.fini1)
 *(.fini1)
 *(.fini0)
 .fini0         0x0000169e        0x4 c:/winavr-20100110/bin/../lib/gcc/avr/4.3.3/avr51\libgcc.a(_exit.o)
 *(.fini0)
                0x000016a2                _etext = .

.data           0x00800100       0x4a load address 0x000016a2
                0x00800100                PROVIDE (__data_start, .)
 *(.data)
 .data          0x00800100        0x0 c:/winavr-20100110/bin/../lib/gcc/avr/4.3.3/../../../../avr/lib/avr51/crtm128.o
 .data          0x00800100        0x0 obj\Debug\core.o
 .data          0x00800100        0x0 obj\Debug\fuse.o
 .data          0x00800100        0x0 obj\Debug\heap.o
 .data          0x00800100        0xa obj\Debug\list.o
 .data          0x0080010a       0x36 obj\Debug\main.o
                0x00800122                re
                0x00800123                ra
 .data          0x00800140        0x0 obj\Debug\semap.o
 .data          0x00800140        0x9 obj\Debug\task.o
 .data          0x00800149        0x0 obj\Debug\uart.o
 .data          0x00800149        0x0 c:/winavr-20100110/bin/../lib/gcc/avr/4.3.3/avr51\libgcc.a(_udivmodhi4.o)
 .data          0x00800149        0x0 c:/winavr-20100110/bin/../lib/gcc/avr/4.3.3/avr51\libgcc.a(_divmodhi4.o)
 .data          0x00800149        0x0 c:/winavr-20100110/bin/../lib/gcc/avr/4.3.3/avr51\libgcc.a(_udivmodsi4.o)
 .data          0x00800149        0x0 c:/winavr-20100110/bin/../lib/gcc/avr/4.3.3/avr51\libgcc.a(_exit.o)
 .data          0x00800149        0x0 c:/winavr-20100110/bin/../lib/gcc/avr/4.3.3/avr51\libgcc.a(_clear_bss.o)
 *(.data*)
 *(.rodata)
 *(.rodata*)
 *(.gnu.linkonce.d*)
                0x0080014a                . = ALIGN (0x2)
 *fill*         0x00800149        0x1 00
                0x0080014a                _edata = .
                0x0080014a                PROVIDE (__data_end, .)

.bss            0x0080014a      0xec7
                0x0080014a                PROVIDE (__bss_start, .)
 *(.bss)
 .bss           0x0080014a        0x0 c:/winavr-20100110/bin/../lib/gcc/avr/4.3.3/../../../../avr/lib/avr51/crtm128.o
 .bss           0x0080014a        0x0 obj\Debug\core.o
 .bss           0x0080014a        0x0 obj\Debug\fuse.o
 .bss           0x0080014a      0xd80 obj\Debug\heap.o
                0x00800d4a                MemAllocIndex
                0x0080014a                DynamicMem
 .bss           0x00800eca        0x4 obj\Debug\list.o
 .bss           0x00800ece        0x0 obj\Debug\main.o
 .bss           0x00800ece        0x0 obj\Debug\semap.o
 .bss           0x00800ece        0x0 obj\Debug\task.o
 .bss           0x00800ece        0x0 obj\Debug\uart.o
 .bss           0x00800ece        0x0 c:/winavr-20100110/bin/../lib/gcc/avr/4.3.3/avr51\libgcc.a(_udivmodhi4.o)
 .bss           0x00800ece        0x0 c:/winavr-20100110/bin/../lib/gcc/avr/4.3.3/avr51\libgcc.a(_divmodhi4.o)
 .bss           0x00800ece        0x0 c:/winavr-20100110/bin/../lib/gcc/avr/4.3.3/avr51\libgcc.a(_udivmodsi4.o)
 .bss           0x00800ece        0x0 c:/winavr-20100110/bin/../lib/gcc/avr/4.3.3/avr51\libgcc.a(_exit.o)
 .bss           0x00800ece        0x0 c:/winavr-20100110/bin/../lib/gcc/avr/4.3.3/avr51\libgcc.a(_clear_bss.o)
 *(.bss*)
 *(COMMON)
 COMMON         0x00800ece       0x11 obj\Debug\list.o
                0x00800ece                RdyListNum
                0x00800ed3                RdyListIndex
                0x00800edd                pBlkList
 COMMON         0x00800edf      0x12c obj\Debug\main.o
                0x00800edf                STACK2
                0x00800f43                STACK1
                0x00800fa7                STACK3
 COMMON         0x0080100b        0x6 obj\Debug\task.o
                0x0080100b                IdleTaskHandle
                0x0080100d                RunningTask
                0x0080100f                SwitchRun
                0x00801011                PROVIDE (__bss_end, .)
                0x000016a2                __data_load_start = LOADADDR (.data)
                0x000016ec                __data_load_end = (__data_load_start + SIZEOF (.data))

.noinit         0x00801011        0x0
                0x00801011                PROVIDE (__noinit_start, .)
 *(.noinit*)
                0x00801011                PROVIDE (__noinit_end, .)
                0x00801011                _end = .
                0x00801011                PROVIDE (__heap_start, .)

.eeprom         0x00810000        0x0
 *(.eeprom*)
                0x00810000                __eeprom_end = .

.fuse
 *(.fuse)
 *(.lfuse)
 *(.hfuse)
 *(.efuse)

.lock
 *(.lock*)

.signature
 *(.signature*)

.stab
 *(.stab)

.stabstr
 *(.stabstr)

.stab.excl
 *(.stab.excl)

.stab.exclstr
 *(.stab.exclstr)

.stab.index
 *(.stab.index)

.stab.indexstr
 *(.stab.indexstr)

.comment
 *(.comment)

.debug
 *(.debug)

.line
 *(.line)

.debug_srcinfo
 *(.debug_srcinfo)

.debug_sfnames
 *(.debug_sfnames)

.debug_aranges  0x00000000       0xc0
 *(.debug_aranges)
 .debug_aranges
                0x00000000       0x20 obj\Debug\core.o
 .debug_aranges
                0x00000020       0x20 obj\Debug\heap.o
 .debug_aranges
                0x00000040       0x20 obj\Debug\list.o
 .debug_aranges
                0x00000060       0x20 obj\Debug\main.o
 .debug_aranges
                0x00000080       0x20 obj\Debug\task.o
 .debug_aranges
                0x000000a0       0x20 obj\Debug\uart.o

.debug_pubnames
                0x00000000      0x376
 *(.debug_pubnames)
 .debug_pubnames
                0x00000000       0x7c obj\Debug\core.o
 .debug_pubnames
                0x0000007c       0x5b obj\Debug\heap.o
 .debug_pubnames
                0x000000d7      0x10a obj\Debug\list.o
 .debug_pubnames
                0x000001e1       0x68 obj\Debug\main.o
 .debug_pubnames
                0x00000249       0xd2 obj\Debug\task.o
 .debug_pubnames
                0x0000031b       0x5b obj\Debug\uart.o

.debug_info     0x00000000      0xf25
 *(.debug_info)
 .debug_info    0x00000000      0x1f9 obj\Debug\core.o
 .debug_info    0x000001f9        0x0 obj\Debug\fuse.o
 .debug_info    0x000001f9      0x194 obj\Debug\heap.o
 .debug_info    0x0000038d      0x3f9 obj\Debug\list.o
 .debug_info    0x00000786      0x167 obj\Debug\main.o
 .debug_info    0x000008ed       0x57 obj\Debug\semap.o
 .debug_info    0x00000944      0x47c obj\Debug\task.o
 .debug_info    0x00000dc0      0x165 obj\Debug\uart.o
 *(.gnu.linkonce.wi.*)

.debug_abbrev   0x00000000      0x5be
 *(.debug_abbrev)
 .debug_abbrev  0x00000000       0xbb obj\Debug\core.o
 .debug_abbrev  0x000000bb        0x1 obj\Debug\fuse.o
 .debug_abbrev  0x000000bc       0xc5 obj\Debug\heap.o
 .debug_abbrev  0x00000181      0x13e obj\Debug\list.o
 .debug_abbrev  0x000002bf       0xab obj\Debug\main.o
 .debug_abbrev  0x0000036a       0x1f obj\Debug\semap.o
 .debug_abbrev  0x00000389      0x168 obj\Debug\task.o
 .debug_abbrev  0x000004f1       0xcd obj\Debug\uart.o

.debug_line     0x00000000     0x10c6
 *(.debug_line)
 .debug_line    0x00000000      0x3fe obj\Debug\core.o
 .debug_line    0x000003fe       0x24 obj\Debug\fuse.o
 .debug_line    0x00000422      0x15c obj\Debug\heap.o
 .debug_line    0x0000057e      0x374 obj\Debug\list.o
 .debug_line    0x000008f2      0x110 obj\Debug\main.o
 .debug_line    0x00000a02       0x3e obj\Debug\semap.o
 .debug_line    0x00000a40      0x516 obj\Debug\task.o
 .debug_line    0x00000f56      0x170 obj\Debug\uart.o

.debug_frame    0x00000000      0x310
 *(.debug_frame)
 .debug_frame   0x00000000       0x80 obj\Debug\core.o
 .debug_frame   0x00000080       0x40 obj\Debug\heap.o
 .debug_frame   0x000000c0       0xe0 obj\Debug\list.o
 .debug_frame   0x000001a0       0x50 obj\Debug\main.o
 .debug_frame   0x000001f0       0xc0 obj\Debug\task.o
 .debug_frame   0x000002b0       0x60 obj\Debug\uart.o

.debug_str      0x00000000      0x484
 *(.debug_str)
 .debug_str     0x00000000      0x168 obj\Debug\core.o
                                0x1a6 (size before relaxing)
 .debug_str     0x00000168       0x66 obj\Debug\heap.o
                                0x10f (size before relaxing)
 .debug_str     0x000001ce      0x140 obj\Debug\list.o
                                0x27b (size before relaxing)
 .debug_str     0x0000030e       0x33 obj\Debug\main.o
                                 0xf7 (size before relaxing)
 .debug_str     0x00000341        0x8 obj\Debug\semap.o
                                 0x9b (size before relaxing)
 .debug_str     0x00000349       0xe5 obj\Debug\task.o
                                0x265 (size before relaxing)
 .debug_str     0x0000042e       0x56 obj\Debug\uart.o
                                0x11a (size before relaxing)

.debug_loc
 *(.debug_loc)

.debug_macinfo
 *(.debug_macinfo)
OUTPUT(bin\Debug\OpenRTOS128.elf elf32-avr)
LOAD linker stubs

.debug_ranges   0x00000000       0x18
 .debug_ranges  0x00000000       0x18 obj\Debug\list.o

Cross Reference Table

Symbol                                            File
BlankRegisterAll                                  obj\Debug\list.o
                                                  obj\Debug\core.o
BlkLisInit                                        obj\Debug\list.o
                                                  obj\Debug\core.o
DisableIntrp                                      obj\Debug\core.o
                                                  obj\Debug\task.o
                                                  obj\Debug\main.o
DynamicMem                                        obj\Debug\heap.o
EnableIntrp                                       obj\Debug\core.o
                                                  obj\Debug\task.o
                                                  obj\Debug\main.o
GetBlankTCB                                       obj\Debug\list.o
                                                  obj\Debug\task.o
GetFirstHighTask                                  obj\Debug\task.o
                                                  obj\Debug\core.o
IdleTaskHandle                                    obj\Debug\task.o
IdleTaskInit                                      obj\Debug\task.o
                                                  obj\Debug\core.o
InsertBlankList                                   obj\Debug\list.o
                                                  obj\Debug\task.o
InsertBlkList                                     obj\Debug\list.o
                                                  obj\Debug\task.o
InsertRdyList                                     obj\Debug\list.o
                                                  obj\Debug\task.o
InsertSuspList                                    obj\Debug\list.o
                                                  obj\Debug\task.o
ListRemoveNode                                    obj\Debug\list.o
                                                  obj\Debug\task.o
MemAlloc                                          obj\Debug\heap.o
                                                  obj\Debug\task.o
                                                  obj\Debug\list.o
MemAllocIndex                                     obj\Debug\heap.o
MemFree                                           obj\Debug\heap.o
MemGetUsed                                        obj\Debug\heap.o
OpenRTOSInit                                      obj\Debug\core.o
                                                  obj\Debug\main.o
RdyListIndex                                      obj\Debug\task.o
                                                  obj\Debug\list.o
RdyListIndexInit                                  obj\Debug\list.o
                                                  obj\Debug\core.o
RdyListNum                                        obj\Debug\task.o
                                                  obj\Debug\list.o
RdyListNumInit                                    obj\Debug\list.o
                                                  obj\Debug\core.o
RefreshBlkList                                    obj\Debug\task.o
                                                  obj\Debug\core.o
RunningTask                                       obj\Debug\task.o
                                                  obj\Debug\core.o
STACK1                                            obj\Debug\main.o
STACK2                                            obj\Debug\main.o
STACK3                                            obj\Debug\main.o
SuspListInit                                      obj\Debug\list.o
                                                  obj\Debug\core.o
SwitchRun                                         obj\Debug\task.o
TaskContexSwitch                                  obj\Debug\core.o
                                                  obj\Debug\task.o
__bad_interrupt                                   c:/winavr-20100110/bin/../lib/gcc/avr/4.3.3/../../../../avr/lib/avr51/crtm128.o
__bss_end                                         c:/winavr-20100110/bin/../lib/gcc/avr/4.3.3/avr51\libgcc.a(_clear_bss.o)
__bss_start                                       c:/winavr-20100110/bin/../lib/gcc/avr/4.3.3/avr51\libgcc.a(_clear_bss.o)
__data_end                                        c:/winavr-20100110/bin/../lib/gcc/avr/4.3.3/../../../../avr/lib/avr51/crtm128.o
__data_load_start                                 c:/winavr-20100110/bin/../lib/gcc/avr/4.3.3/../../../../avr/lib/avr51/crtm128.o
__data_start                                      c:/winavr-20100110/bin/../lib/gcc/avr/4.3.3/../../../../avr/lib/avr51/crtm128.o
__divmodhi4                                       c:/winavr-20100110/bin/../lib/gcc/avr/4.3.3/avr51\libgcc.a(_divmodhi4.o)
                                                  obj\Debug\heap.o
__do_clear_bss                                    c:/winavr-20100110/bin/../lib/gcc/avr/4.3.3/avr51\libgcc.a(_clear_bss.o)
                                                  obj\Debug\task.o
                                                  obj\Debug\main.o
                                                  obj\Debug\list.o
                                                  obj\Debug\heap.o
__do_copy_data                                    c:/winavr-20100110/bin/../lib/gcc/avr/4.3.3/../../../../avr/lib/avr51/crtm128.o
                                                  obj\Debug\task.o
                                                  obj\Debug\main.o
                                                  obj\Debug\list.o
__heap_end                                        c:/winavr-20100110/bin/../lib/gcc/avr/4.3.3/../../../../avr/lib/avr51/crtm128.o
__init                                            c:/winavr-20100110/bin/../lib/gcc/avr/4.3.3/../../../../avr/lib/avr51/crtm128.o
__stack                                           c:/winavr-20100110/bin/../lib/gcc/avr/4.3.3/../../../../avr/lib/avr51/crtm128.o
__udivmodhi4                                      c:/winavr-20100110/bin/../lib/gcc/avr/4.3.3/avr51\libgcc.a(_udivmodhi4.o)
                                                  c:/winavr-20100110/bin/../lib/gcc/avr/4.3.3/avr51\libgcc.a(_divmodhi4.o)
                                                  obj\Debug\uart.o
__udivmodsi4                                      c:/winavr-20100110/bin/../lib/gcc/avr/4.3.3/avr51\libgcc.a(_udivmodsi4.o)
                                                  obj\Debug\uart.o
__vector_1                                        c:/winavr-20100110/bin/../lib/gcc/avr/4.3.3/../../../../avr/lib/avr51/crtm128.o
__vector_10                                       c:/winavr-20100110/bin/../lib/gcc/avr/4.3.3/../../../../avr/lib/avr51/crtm128.o
__vector_11                                       c:/winavr-20100110/bin/../lib/gcc/avr/4.3.3/../../../../avr/lib/avr51/crtm128.o
__vector_12                                       c:/winavr-20100110/bin/../lib/gcc/avr/4.3.3/../../../../avr/lib/avr51/crtm128.o
__vector_13                                       c:/winavr-20100110/bin/../lib/gcc/avr/4.3.3/../../../../avr/lib/avr51/crtm128.o
__vector_14                                       obj\Debug\core.o
                                                  c:/winavr-20100110/bin/../lib/gcc/avr/4.3.3/../../../../avr/lib/avr51/crtm128.o
__vector_15                                       c:/winavr-20100110/bin/../lib/gcc/avr/4.3.3/../../../../avr/lib/avr51/crtm128.o
__vector_16                                       c:/winavr-20100110/bin/../lib/gcc/avr/4.3.3/../../../../avr/lib/avr51/crtm128.o
__vector_17                                       c:/winavr-20100110/bin/../lib/gcc/avr/4.3.3/../../../../avr/lib/avr51/crtm128.o
__vector_18                                       c:/winavr-20100110/bin/../lib/gcc/avr/4.3.3/../../../../avr/lib/avr51/crtm128.o
__vector_19                                       c:/winavr-20100110/bin/../lib/gcc/avr/4.3.3/../../../../avr/lib/avr51/crtm128.o
__vector_2                                        c:/winavr-20100110/bin/../lib/gcc/avr/4.3.3/../../../../avr/lib/avr51/crtm128.o
__vector_20                                       c:/winavr-20100110/bin/../lib/gcc/avr/4.3.3/../../../../avr/lib/avr51/crtm128.o
__vector_21                                       c:/winavr-20100110/bin/../lib/gcc/avr/4.3.3/../../../../avr/lib/avr51/crtm128.o
__vector_22                                       c:/winavr-20100110/bin/../lib/gcc/avr/4.3.3/../../../../avr/lib/avr51/crtm128.o
__vector_23                                       c:/winavr-20100110/bin/../lib/gcc/avr/4.3.3/../../../../avr/lib/avr51/crtm128.o
__vector_24                                       c:/winavr-20100110/bin/../lib/gcc/avr/4.3.3/../../../../avr/lib/avr51/crtm128.o
__vector_25                                       c:/winavr-20100110/bin/../lib/gcc/avr/4.3.3/../../../../avr/lib/avr51/crtm128.o
__vector_26                                       c:/winavr-20100110/bin/../lib/gcc/avr/4.3.3/../../../../avr/lib/avr51/crtm128.o
__vector_27                                       c:/winavr-20100110/bin/../lib/gcc/avr/4.3.3/../../../../avr/lib/avr51/crtm128.o
__vector_28                                       c:/winavr-20100110/bin/../lib/gcc/avr/4.3.3/../../../../avr/lib/avr51/crtm128.o
__vector_29                                       c:/winavr-20100110/bin/../lib/gcc/avr/4.3.3/../../../../avr/lib/avr51/crtm128.o
__vector_3                                        c:/winavr-20100110/bin/../lib/gcc/avr/4.3.3/../../../../avr/lib/avr51/crtm128.o
__vector_30                                       c:/winavr-20100110/bin/../lib/gcc/avr/4.3.3/../../../../avr/lib/avr51/crtm128.o
__vector_31                                       c:/winavr-20100110/bin/../lib/gcc/avr/4.3.3/../../../../avr/lib/avr51/crtm128.o
__vector_32                                       c:/winavr-20100110/bin/../lib/gcc/avr/4.3.3/../../../../avr/lib/avr51/crtm128.o
__vector_33                                       c:/winavr-20100110/bin/../lib/gcc/avr/4.3.3/../../../../avr/lib/avr51/crtm128.o
__vector_34                                       c:/winavr-20100110/bin/../lib/gcc/avr/4.3.3/../../../../avr/lib/avr51/crtm128.o
__vector_4                                        c:/winavr-20100110/bin/../lib/gcc/avr/4.3.3/../../../../avr/lib/avr51/crtm128.o
__vector_5                                        c:/winavr-20100110/bin/../lib/gcc/avr/4.3.3/../../../../avr/lib/avr51/crtm128.o
__vector_6                                        c:/winavr-20100110/bin/../lib/gcc/avr/4.3.3/../../../../avr/lib/avr51/crtm128.o
__vector_7                                        c:/winavr-20100110/bin/../lib/gcc/avr/4.3.3/../../../../avr/lib/avr51/crtm128.o
__vector_8                                        c:/winavr-20100110/bin/../lib/gcc/avr/4.3.3/../../../../avr/lib/avr51/crtm128.o
__vector_9                                        c:/winavr-20100110/bin/../lib/gcc/avr/4.3.3/../../../../avr/lib/avr51/crtm128.o
__vector_default                                  c:/winavr-20100110/bin/../lib/gcc/avr/4.3.3/../../../../avr/lib/avr51/crtm128.o
__vectors                                         c:/winavr-20100110/bin/../lib/gcc/avr/4.3.3/../../../../avr/lib/avr51/crtm128.o
_div                                              c:/winavr-20100110/bin/../lib/gcc/avr/4.3.3/avr51\libgcc.a(_divmodhi4.o)
_exit                                             c:/winavr-20100110/bin/../lib/gcc/avr/4.3.3/avr51\libgcc.a(_exit.o)
exit                                              c:/winavr-20100110/bin/../lib/gcc/avr/4.3.3/avr51\libgcc.a(_exit.o)
                                                  c:/winavr-20100110/bin/../lib/gcc/avr/4.3.3/../../../../avr/lib/avr51/crtm128.o
getchar1                                          obj\Debug\uart.o
main                                              obj\Debug\main.o
                                                  c:/winavr-20100110/bin/../lib/gcc/avr/4.3.3/../../../../avr/lib/avr51/crtm128.o
pBlkList                                          obj\Debug\task.o
                                                  obj\Debug\list.o
pCreateTaskDyn                                    obj\Debug\task.o
pCreateTaskStc                                    obj\Debug\task.o
                                                  obj\Debug\main.o
pDelayTask                                        obj\Debug\task.o
pDeleteTask                                       obj\Debug\task.o
pStartSchedule                                    obj\Debug\core.o
                                                  obj\Debug\main.o
pSuspendTask                                      obj\Debug\task.o
putchar1                                          obj\Debug\uart.o
puts1                                             obj\Debug\uart.o
                                                  obj\Debug\main.o
puts1_PrintNumber                                 obj\Debug\uart.o
ra                                                obj\Debug\main.o
re                                                obj\Debug\main.o
task1                                             obj\Debug\main.o
task2                                             obj\Debug\main.o
task3                                             obj\Debug\main.o
uart1_init                                        obj\Debug\uart.o
                                                  obj\Debug\main.o
